HTTP 200
Content-Type: application/json

{"ID":"e2","Repo":"o/r","SHA":"beef5678beef","PR":8,"Environment":"staging","CheckRunID":{"Int64":0,"Valid":false},"Rev":0,"ReportMarkdown":"","LogURL":"https://ci/logs/2","Status":"in_progress","StatusContext":"","Phase":"","CreatedAt":"2030-01-02T03:04:05Z","SupersededBy":"","verify_execution_id":"","graph":{"stacks":[{"path":"stacks/c","project":"proj-c","status":"planned"}],"edges":[]},"gates":[{"Class":"iam","Target":"proj-c","GrantName":"projects/proj-c/locations/global/entitlements/iam/grants/g1","State":"ACTIVE","Requester":"req@x.iam.gserviceaccount.com"}],"ProgressPct":100,"ProgressLabel":"planned"}
