HTTP 200
Content-Type: application/json

[{"context":"","created_at":"2030-01-02T03:04:05Z","environment":"staging","id":"e2","log_url":"https://ci/logs/2","phase":"","pr":8,"repo":"o/r","sha":"beef5678beef","status":"in_progress","superseded_by":""},{"context":"plan/staging","created_at":"2030-01-02T03:04:05Z","environment":"staging","id":"e1","log_url":"https://ci/logs/1","phase":"planning","pr":7,"repo":"o/r","sha":"cafe1234cafe","status":"in_progress","superseded_by":""}]
